// Jest Snapshot v1, https://goo.gl/fbAQLP

exports[`Formatting Controls Should apply the formatting controls 1`] = `
"<!-- wp:paragraph -->
<p>Paragraph to be made <strong>&quot;bold&quot;</strong></p>
<!-- /wp:paragraph -->"
`;
